2026-08-27 16:50:48 - login_automation - INFO - [pancho] Iniciando login en Rayen APS
2026-08-27 16:50:48 - login_automation - INFO - Iniciando instancia de Google Chrome en modo incognito...
2026-08-27 16:50:49 - login_automation - INFO - Navegando a https://clinico.rayenaps.cl/...
2026-08-27 16:50:50 - login_automation - INFO - Location insertado
2026-08-27 16:50:50 - login_automation - INFO - Username insertado
2026-08-27 16:50:51 - login_automation - INFO - Password insertado
2026-08-27 16:50:51 - login_automation - INFO - Esperando habilitacion del boton de ingreso...
2026-08-27 16:50:51 - login_automation - INFO - Enviando Enter al boton de inicio de sesion...
2026-08-27 16:50:51 - login_automation - INFO - Esperando redireccion fuera de login...
2026-08-27 16:50:51 - login_automation - INFO - Login completado. Maximizando ventana...
2026-08-27 16:50:51 - login_automation - INFO - Modal ocultado por JS
2026-08-27 16:50:51 - login_automation - INFO - Menu lateral abierto
2026-08-27 16:50:52 - login_automation - INFO - Screenshot: step_1_menu_20260827_165051.png
2026-08-27 16:50:52 - login_automation - INFO - Modal 'Cargando' detectado, esperando a que se vaya...
2026-08-27 16:50:55 - login_automation - INFO - Modal 'Cargando' desapareció
2026-08-27 16:50:55 - login_automation - INFO - Box seleccionado
2026-08-27 16:50:55 - login_automation - INFO - Screenshot: step_2_box_20260827_165055.png
2026-08-27 16:51:00 - login_automation - INFO - No se detectó modal 'Cargando' — página probablemente ya cargada
2026-08-27 16:51:00 - login_automation - INFO - Pacientes citados clickeado
2026-08-27 16:51:01 - login_automation - INFO - Screenshot: step_3_pacientes_citados_20260827_165100.png
2026-08-27 16:51:06 - login_automation - INFO - No se detectó modal 'Cargando' — página probablemente ya cargada
2026-08-27 16:51:06 - login_automation - INFO - run_login OK — URL final: https://clinico.rayenaps.cl/main
2026-08-27 16:51:06 - login_automation - INFO - [pancho] Login exitoso — WebDriver listo para operaciones
2026-08-27 16:51:11 - login_automation - INFO - No se detectó modal 'Cargando' — página probablemente ya cargada
2026-08-27 16:51:11 - login_automation - INFO - Esperando input de fecha (input.date-input)...
2026-08-27 16:51:11 - login_automation - INFO - Fecha 03-08-2026 ingresada
2026-08-27 16:51:26 - login_automation - INFO - No se encontraron celdas 'Iniciado' tras el sort (día sin 'Iniciado' o sin fichas). Continuando.
2026-08-27 16:51:26 - login_automation - INFO - Tabla ordenada por Estado (descendente)
2026-08-27 16:51:26 - login_automation - INFO - Pacientes del día (todos los estados): 26
2026-08-27 16:51:33 - login_automation - INFO - No se detectó modal 'Cargando' — página probablemente ya cargada
2026-08-27 16:51:33 - login_automation - INFO - Esperando input de fecha (input.date-input)...
2026-08-27 16:51:33 - login_automation - INFO - Fecha 04-08-2026 ingresada
2026-08-27 16:51:48 - login_automation - INFO - No se encontraron celdas 'Iniciado' tras el sort (día sin 'Iniciado' o sin fichas). Continuando.
2026-08-27 16:51:48 - login_automation - INFO - Tabla ordenada por Estado (descendente)
2026-08-27 16:51:48 - login_automation - INFO - Pacientes del día (todos los estados): 26
2026-08-27 16:51:55 - login_automation - INFO - No se detectó modal 'Cargando' — página probablemente ya cargada
2026-08-27 16:51:55 - login_automation - INFO - Esperando input de fecha (input.date-input)...
2026-08-27 16:51:55 - login_automation - INFO - Fecha 05-08-2026 ingresada
2026-08-27 16:52:10 - login_automation - INFO - No se encontraron celdas 'Iniciado' tras el sort (día sin 'Iniciado' o sin fichas). Continuando.
2026-08-27 16:52:10 - login_automation - INFO - Tabla ordenada por Estado (descendente)
2026-08-27 16:52:10 - login_automation - INFO - Pacientes del día (todos los estados): 26
2026-08-27 16:52:17 - login_automation - INFO - No se detectó modal 'Cargando' — página probablemente ya cargada
2026-08-27 16:52:17 - login_automation - INFO - Esperando input de fecha (input.date-input)...
2026-08-27 16:52:17 - login_automation - INFO - Fecha 06-08-2026 ingresada
2026-08-27 16:52:32 - login_automation - INFO - No se encontraron celdas 'Iniciado' tras el sort (día sin 'Iniciado' o sin fichas). Continuando.
2026-08-27 16:52:32 - login_automation - INFO - Tabla ordenada por Estado (descendente)
2026-08-27 16:52:32 - login_automation - INFO - Pacientes del día (todos los estados): 26
2026-08-27 16:52:39 - login_automation - INFO - No se detectó modal 'Cargando' — página probablemente ya cargada
2026-08-27 16:52:39 - login_automation - INFO - Esperando input de fecha (input.date-input)...
2026-08-27 16:52:39 - login_automation - INFO - Fecha 07-08-2026 ingresada
2026-08-27 16:52:58 - login_automation - INFO - [pancho] Iniciando login en Rayen APS
2026-08-27 16:52:58 - login_automation - INFO - Iniciando instancia de Google Chrome en modo incognito...
2026-08-27 16:54:20 - login_automation - INFO - [pancho] Iniciando login en Rayen APS
2026-08-27 16:54:20 - login_automation - INFO - Iniciando instancia de Google Chrome en modo incognito...
2026-08-27 16:54:20 - login_automation - INFO - Navegando a https://clinico.rayenaps.cl/...
2026-08-27 16:54:21 - login_automation - INFO - Location insertado
2026-08-27 16:54:21 - login_automation - INFO - Username insertado
2026-08-27 16:54:21 - login_automation - INFO - Password insertado
2026-08-27 16:54:21 - login_automation - INFO - Esperando habilitacion del boton de ingreso...
2026-08-27 16:54:21 - login_automation - INFO - Enviando Enter al boton de inicio de sesion...
2026-08-27 16:54:22 - login_automation - INFO - Esperando redireccion fuera de login...
2026-08-27 16:54:22 - login_automation - INFO - Login completado. Maximizando ventana...
2026-08-27 16:54:22 - login_automation - INFO - Modal ocultado por JS
2026-08-27 16:54:22 - login_automation - INFO - Menu lateral abierto
2026-08-27 16:54:22 - login_automation - INFO - Screenshot: step_1_menu_20260827_165422.png
2026-08-27 16:54:22 - login_automation - INFO - Modal 'Cargando' detectado, esperando a que se vaya...
2026-08-27 16:54:26 - login_automation - INFO - Modal 'Cargando' desapareció
2026-08-27 16:54:26 - login_automation - INFO - Box seleccionado
2026-08-27 16:54:26 - login_automation - INFO - Screenshot: step_2_box_20260827_165426.png
2026-08-27 16:54:31 - login_automation - INFO - No se detectó modal 'Cargando' — página probablemente ya cargada
2026-08-27 16:54:31 - login_automation - INFO - Pacientes citados clickeado
2026-08-27 16:54:31 - login_automation - INFO - Screenshot: step_3_pacientes_citados_20260827_165431.png
2026-08-27 16:54:36 - login_automation - INFO - No se detectó modal 'Cargando' — página probablemente ya cargada
2026-08-27 16:54:36 - login_automation - INFO - run_login OK — URL final: https://clinico.rayenaps.cl/main
2026-08-27 16:54:36 - login_automation - INFO - [pancho] Login exitoso — WebDriver listo para operaciones
2026-08-27 16:54:41 - login_automation - INFO - No se detectó modal 'Cargando' — página probablemente ya cargada
2026-08-27 16:54:41 - login_automation - INFO - Esperando input de fecha (input.date-input)...
2026-08-27 16:54:41 - login_automation - INFO - Fecha 03-08-2026 ingresada
2026-08-27 16:54:57 - login_automation - INFO - No se encontraron celdas 'Iniciado' tras el sort (día sin 'Iniciado' o sin fichas). Continuando.
2026-08-27 16:54:57 - login_automation - INFO - Tabla ordenada por Estado (descendente)
2026-08-27 16:54:57 - login_automation - INFO - Pacientes del día (todos los estados): 26
2026-08-27 16:55:03 - login_automation - INFO - No se detectó modal 'Cargando' — página probablemente ya cargada
2026-08-27 16:55:03 - login_automation - INFO - Esperando input de fecha (input.date-input)...
2026-08-27 16:55:03 - login_automation - INFO - Fecha 04-08-2026 ingresada
2026-08-27 16:55:19 - login_automation - INFO - No se encontraron celdas 'Iniciado' tras el sort (día sin 'Iniciado' o sin fichas). Continuando.
2026-08-27 16:55:19 - login_automation - INFO - Tabla ordenada por Estado (descendente)
2026-08-27 16:55:19 - login_automation - INFO - Pacientes del día (todos los estados): 26
2026-08-27 16:55:25 - login_automation - INFO - No se detectó modal 'Cargando' — página probablemente ya cargada
2026-08-27 16:55:25 - login_automation - INFO - Esperando input de fecha (input.date-input)...
2026-08-27 16:55:25 - login_automation - INFO - Fecha 05-08-2026 ingresada
2026-08-27 16:55:41 - login_automation - INFO - No se encontraron celdas 'Iniciado' tras el sort (día sin 'Iniciado' o sin fichas). Continuando.
2026-08-27 16:55:41 - login_automation - INFO - Tabla ordenada por Estado (descendente)
2026-08-27 16:55:41 - login_automation - INFO - Pacientes del día (todos los estados): 26
2026-08-27 16:55:47 - login_automation - INFO - No se detectó modal 'Cargando' — página probablemente ya cargada
2026-08-27 16:55:47 - login_automation - INFO - Esperando input de fecha (input.date-input)...
2026-08-27 16:55:47 - login_automation - INFO - Fecha 06-08-2026 ingresada
2026-08-27 16:56:03 - login_automation - INFO - No se encontraron celdas 'Iniciado' tras el sort (día sin 'Iniciado' o sin fichas). Continuando.
2026-08-27 16:56:03 - login_automation - INFO - Tabla ordenada por Estado (descendente)
2026-08-27 16:56:03 - login_automation - INFO - Pacientes del día (todos los estados): 26
2026-08-27 16:56:09 - login_automation - INFO - No se detectó modal 'Cargando' — página probablemente ya cargada
2026-08-27 16:56:09 - login_automation - INFO - Esperando input de fecha (input.date-input)...
2026-08-27 16:56:09 - login_automation - INFO - Fecha 07-08-2026 ingresada
2026-08-27 16:56:25 - login_automation - INFO - No se encontraron celdas 'Iniciado' tras el sort (día sin 'Iniciado' o sin fichas). Continuando.
2026-08-27 16:56:25 - login_automation - INFO - Tabla ordenada por Estado (descendente)
2026-08-27 16:56:25 - login_automation - INFO - Pacientes del día (todos los estados): 29
2026-08-27 16:56:31 - login_automation - INFO - No se detectó modal 'Cargando' — página probablemente ya cargada
2026-08-27 16:56:31 - login_automation - INFO - Esperando input de fecha (input.date-input)...
2026-08-27 16:56:31 - login_automation - INFO - Fecha 10-08-2026 ingresada
2026-08-27 16:56:47 - login_automation - INFO - No se encontraron celdas 'Iniciado' tras el sort (día sin 'Iniciado' o sin fichas). Continuando.
2026-08-27 16:56:47 - login_automation - INFO - Tabla ordenada por Estado (descendente)
2026-08-27 16:56:47 - login_automation - INFO - Pacientes del día (todos los estados): 26
2026-08-27 16:56:53 - login_automation - INFO - No se detectó modal 'Cargando' — página probablemente ya cargada
2026-08-27 16:56:53 - login_automation - INFO - Esperando input de fecha (input.date-input)...
2026-08-27 16:56:53 - login_automation - INFO - Fecha 11-08-2026 ingresada
2026-08-27 16:57:09 - login_automation - INFO - No se encontraron celdas 'Iniciado' tras el sort (día sin 'Iniciado' o sin fichas). Continuando.
2026-08-27 16:57:09 - login_automation - INFO - Tabla ordenada por Estado (descendente)
2026-08-27 16:57:09 - login_automation - INFO - Pacientes del día (todos los estados): 26
2026-08-27 16:57:15 - login_automation - INFO - No se detectó modal 'Cargando' — página probablemente ya cargada
2026-08-27 16:57:15 - login_automation - INFO - Esperando input de fecha (input.date-input)...
2026-08-27 16:57:15 - login_automation - INFO - Fecha 12-08-2026 ingresada
2026-08-27 16:57:31 - login_automation - INFO - No se encontraron celdas 'Iniciado' tras el sort (día sin 'Iniciado' o sin fichas). Continuando.
2026-08-27 16:57:31 - login_automation - INFO - Tabla ordenada por Estado (descendente)
2026-08-27 16:57:31 - login_automation - INFO - Pacientes del día (todos los estados): 30
2026-08-27 16:57:37 - login_automation - INFO - No se detectó modal 'Cargando' — página probablemente ya cargada
2026-08-27 16:57:37 - login_automation - INFO - Esperando input de fecha (input.date-input)...
2026-08-27 16:57:37 - login_automation - INFO - Fecha 13-08-2026 ingresada
2026-08-27 16:57:53 - login_automation - INFO - No se encontraron celdas 'Iniciado' tras el sort (día sin 'Iniciado' o sin fichas). Continuando.
2026-08-27 16:57:53 - login_automation - INFO - Tabla ordenada por Estado (descendente)
2026-08-27 16:57:53 - login_automation - INFO - Pacientes del día (todos los estados): 26
2026-08-27 16:57:59 - login_automation - INFO - No se detectó modal 'Cargando' — página probablemente ya cargada
2026-08-27 16:57:59 - login_automation - INFO - Esperando input de fecha (input.date-input)...
2026-08-27 16:57:59 - login_automation - INFO - Fecha 14-08-2026 ingresada
2026-08-27 16:58:15 - login_automation - INFO - No se encontraron celdas 'Iniciado' tras el sort (día sin 'Iniciado' o sin fichas). Continuando.
2026-08-27 16:58:15 - login_automation - INFO - Tabla ordenada por Estado (descendente)
2026-08-27 16:58:15 - login_automation - INFO - Pacientes del día (todos los estados): 26
2026-08-27 16:58:21 - login_automation - INFO - No se detectó modal 'Cargando' — página probablemente ya cargada
2026-08-27 16:58:21 - login_automation - INFO - Esperando input de fecha (input.date-input)...
2026-08-27 16:58:21 - login_automation - INFO - Fecha 17-08-2026 ingresada
2026-08-27 16:58:37 - login_automation - INFO - No se encontraron celdas 'Iniciado' tras el sort (día sin 'Iniciado' o sin fichas). Continuando.
2026-08-27 16:58:37 - login_automation - INFO - Tabla ordenada por Estado (descendente)
2026-08-27 16:58:37 - login_automation - INFO - Pacientes del día (todos los estados): 26
2026-08-27 16:58:43 - login_automation - INFO - No se detectó modal 'Cargando' — página probablemente ya cargada
2026-08-27 16:58:43 - login_automation - INFO - Esperando input de fecha (input.date-input)...
2026-08-27 16:58:43 - login_automation - INFO - Fecha 18-08-2026 ingresada
2026-08-27 16:58:59 - login_automation - INFO - No se encontraron celdas 'Iniciado' tras el sort (día sin 'Iniciado' o sin fichas). Continuando.
2026-08-27 16:58:59 - login_automation - INFO - Tabla ordenada por Estado (descendente)
2026-08-27 16:58:59 - login_automation - INFO - Pacientes del día (todos los estados): 26
2026-08-27 16:59:05 - login_automation - INFO - No se detectó modal 'Cargando' — página probablemente ya cargada
2026-08-27 16:59:05 - login_automation - INFO - Esperando input de fecha (input.date-input)...
2026-08-27 16:59:05 - login_automation - INFO - Fecha 19-08-2026 ingresada
2026-08-27 16:59:20 - login_automation - INFO - No se encontraron celdas 'Iniciado' tras el sort (día sin 'Iniciado' o sin fichas). Continuando.
2026-08-27 16:59:21 - login_automation - INFO - Tabla ordenada por Estado (descendente)
2026-08-27 16:59:21 - login_automation - INFO - Pacientes del día (todos los estados): 30
2026-08-27 16:59:27 - login_automation - INFO - No se detectó modal 'Cargando' — página probablemente ya cargada
2026-08-27 16:59:27 - login_automation - INFO - Esperando input de fecha (input.date-input)...
2026-08-27 16:59:27 - login_automation - INFO - Fecha 20-08-2026 ingresada
2026-08-27 16:59:43 - login_automation - INFO - No se encontraron celdas 'Iniciado' tras el sort (día sin 'Iniciado' o sin fichas). Continuando.
2026-08-27 16:59:43 - login_automation - INFO - Tabla ordenada por Estado (descendente)
2026-08-27 16:59:43 - login_automation - INFO - Pacientes del día (todos los estados): 26
2026-08-27 16:59:49 - login_automation - INFO - No se detectó modal 'Cargando' — página probablemente ya cargada
2026-08-27 16:59:49 - login_automation - INFO - Esperando input de fecha (input.date-input)...
2026-08-27 16:59:49 - login_automation - INFO - Fecha 21-08-2026 ingresada
2026-08-27 17:00:05 - login_automation - INFO - No se encontraron celdas 'Iniciado' tras el sort (día sin 'Iniciado' o sin fichas). Continuando.
2026-08-27 17:00:05 - login_automation - INFO - Tabla ordenada por Estado (descendente)
2026-08-27 17:00:05 - login_automation - INFO - Pacientes del día (todos los estados): 26
2026-08-27 17:00:11 - login_automation - INFO - No se detectó modal 'Cargando' — página probablemente ya cargada
2026-08-27 17:00:11 - login_automation - INFO - Esperando input de fecha (input.date-input)...
2026-08-27 17:00:11 - login_automation - INFO - Fecha 24-08-2026 ingresada
2026-08-27 17:00:27 - login_automation - INFO - No se encontraron celdas 'Iniciado' tras el sort (día sin 'Iniciado' o sin fichas). Continuando.
2026-08-27 17:00:27 - login_automation - INFO - Tabla ordenada por Estado (descendente)
2026-08-27 17:00:27 - login_automation - INFO - Pacientes del día (todos los estados): 26
2026-08-27 17:00:33 - login_automation - INFO - No se detectó modal 'Cargando' — página probablemente ya cargada
2026-08-27 17:00:33 - login_automation - INFO - Esperando input de fecha (input.date-input)...
2026-08-27 17:00:33 - login_automation - INFO - Fecha 25-08-2026 ingresada
2026-08-27 17:00:34 - login_automation - INFO - Tabla ordenada por Estado (descendente)
2026-08-27 17:00:34 - login_automation - INFO - Pacientes del día (todos los estados): 26
2026-08-27 17:00:41 - login_automation - INFO - No se detectó modal 'Cargando' — página probablemente ya cargada
2026-08-27 17:00:41 - login_automation - INFO - Esperando input de fecha (input.date-input)...
2026-08-27 17:00:41 - login_automation - INFO - Fecha 26-08-2026 ingresada
2026-08-27 17:00:56 - login_automation - INFO - No se encontraron celdas 'Iniciado' tras el sort (día sin 'Iniciado' o sin fichas). Continuando.
2026-08-27 17:00:56 - login_automation - INFO - Tabla ordenada por Estado (descendente)
2026-08-27 17:00:56 - login_automation - INFO - Pacientes del día (todos los estados): 30
2026-08-27 17:01:03 - login_automation - INFO - No se detectó modal 'Cargando' — página probablemente ya cargada
2026-08-27 17:01:03 - login_automation - INFO - Esperando input de fecha (input.date-input)...
2026-08-27 17:01:03 - login_automation - INFO - Fecha 27-08-2026 ingresada
2026-08-27 17:01:03 - login_automation - INFO - Tabla ordenada por Estado (descendente)
2026-08-27 17:01:03 - login_automation - INFO - Pacientes del día (todos los estados): 26
2026-08-27 17:01:07 - login_automation - INFO - Navegador cerrado
2026-08-27 17:29:31 - login_automation - INFO - [pancho] Iniciando login en Rayen APS
2026-08-27 17:29:31 - login_automation - INFO - Iniciando instancia de Google Chrome en modo incognito...
2026-08-27 17:29:32 - login_automation - INFO - Navegando a https://clinico.rayenaps.cl/...
2026-08-27 17:29:33 - login_automation - INFO - Location insertado
2026-08-27 17:29:33 - login_automation - INFO - Username insertado
2026-08-27 17:29:33 - login_automation - INFO - Password insertado
2026-08-27 17:29:33 - login_automation - INFO - Esperando habilitacion del boton de ingreso...
2026-08-27 17:29:33 - login_automation - INFO - Enviando Enter al boton de inicio de sesion...
2026-08-27 17:29:33 - login_automation - INFO - Esperando redireccion fuera de login...
2026-08-27 17:29:34 - login_automation - INFO - Login completado. Maximizando ventana...
2026-08-27 17:29:34 - login_automation - INFO - Modal ocultado por JS
2026-08-27 17:29:34 - login_automation - INFO - Menu lateral abierto
2026-08-27 17:29:35 - login_automation - INFO - Screenshot: step_1_menu_20260827_172934.png
2026-08-27 17:29:35 - login_automation - INFO - Modal 'Cargando' detectado, esperando a que se vaya...
2026-08-27 17:29:38 - login_automation - INFO - Modal 'Cargando' desapareció
2026-08-27 17:29:38 - login_automation - INFO - Box seleccionado
2026-08-27 17:29:39 - login_automation - INFO - Screenshot: step_2_box_20260827_172938.png
2026-08-27 17:29:44 - login_automation - INFO - No se detectó modal 'Cargando' — página probablemente ya cargada
2026-08-27 17:29:44 - login_automation - INFO - Pacientes citados clickeado
2026-08-27 17:29:44 - login_automation - INFO - Screenshot: step_3_pacientes_citados_20260827_172944.png
2026-08-27 17:29:49 - login_automation - INFO - No se detectó modal 'Cargando' — página probablemente ya cargada
2026-08-27 17:29:49 - login_automation - INFO - run_login OK — URL final: https://clinico.rayenaps.cl/main
2026-08-27 17:29:49 - login_automation - INFO - [pancho] Login exitoso — WebDriver listo para operaciones
2026-08-27 17:29:54 - login_automation - INFO - No se detectó modal 'Cargando' — página probablemente ya cargada
2026-08-27 17:29:54 - login_automation - INFO - Esperando input de fecha (input.date-input)...
2026-08-27 17:29:54 - login_automation - INFO - Fecha 03-08-2026 ingresada
2026-08-27 17:30:10 - login_automation - INFO - No se encontraron celdas 'Iniciado' tras el sort (día sin 'Iniciado' o sin fichas). Continuando.
2026-08-27 17:30:10 - login_automation - INFO - Tabla ordenada por Estado (descendente)
2026-08-27 17:30:10 - login_automation - INFO - Pacientes del día (todos los estados): 26
2026-08-27 17:30:16 - login_automation - INFO - No se detectó modal 'Cargando' — página probablemente ya cargada
2026-08-27 17:30:16 - login_automation - INFO - Esperando input de fecha (input.date-input)...
2026-08-27 17:30:16 - login_automation - INFO - Fecha 04-08-2026 ingresada
2026-08-27 17:30:32 - login_automation - INFO - No se encontraron celdas 'Iniciado' tras el sort (día sin 'Iniciado' o sin fichas). Continuando.
2026-08-27 17:30:32 - login_automation - INFO - Tabla ordenada por Estado (descendente)
2026-08-27 17:30:32 - login_automation - INFO - Pacientes del día (todos los estados): 26
2026-08-27 17:30:38 - login_automation - INFO - No se detectó modal 'Cargando' — página probablemente ya cargada
2026-08-27 17:30:38 - login_automation - INFO - Esperando input de fecha (input.date-input)...
2026-08-27 17:30:38 - login_automation - INFO - Fecha 05-08-2026 ingresada
2026-08-27 17:30:54 - login_automation - INFO - No se encontraron celdas 'Iniciado' tras el sort (día sin 'Iniciado' o sin fichas). Continuando.
2026-08-27 17:30:54 - login_automation - INFO - Tabla ordenada por Estado (descendente)
2026-08-27 17:30:54 - login_automation - INFO - Pacientes del día (todos los estados): 26
2026-08-27 17:31:00 - login_automation - INFO - No se detectó modal 'Cargando' — página probablemente ya cargada
2026-08-27 17:31:00 - login_automation - INFO - Esperando input de fecha (input.date-input)...
2026-08-27 17:31:00 - login_automation - INFO - Fecha 06-08-2026 ingresada
2026-08-27 17:31:16 - login_automation - INFO - No se encontraron celdas 'Iniciado' tras el sort (día sin 'Iniciado' o sin fichas). Continuando.
2026-08-27 17:31:16 - login_automation - INFO - Tabla ordenada por Estado (descendente)
2026-08-27 17:31:16 - login_automation - INFO - Pacientes del día (todos los estados): 26
2026-08-27 17:31:22 - login_automation - INFO - No se detectó modal 'Cargando' — página probablemente ya cargada
2026-08-27 17:31:22 - login_automation - INFO - Esperando input de fecha (input.date-input)...
2026-08-27 17:31:22 - login_automation - INFO - Fecha 07-08-2026 ingresada
2026-08-27 17:31:38 - login_automation - INFO - No se encontraron celdas 'Iniciado' tras el sort (día sin 'Iniciado' o sin fichas). Continuando.
2026-08-27 17:31:38 - login_automation - INFO - Tabla ordenada por Estado (descendente)
2026-08-27 17:31:38 - login_automation - INFO - Pacientes del día (todos los estados): 29
2026-08-27 17:31:45 - login_automation - INFO - No se detectó modal 'Cargando' — página probablemente ya cargada
2026-08-27 17:31:45 - login_automation - INFO - Esperando input de fecha (input.date-input)...
2026-08-27 17:31:45 - login_automation - INFO - Fecha 10-08-2026 ingresada
2026-08-27 17:32:00 - login_automation - INFO - No se encontraron celdas 'Iniciado' tras el sort (día sin 'Iniciado' o sin fichas). Continuando.
2026-08-27 17:32:00 - login_automation - INFO - Tabla ordenada por Estado (descendente)
2026-08-27 17:32:00 - login_automation - INFO - Pacientes del día (todos los estados): 26
2026-08-27 17:32:07 - login_automation - INFO - No se detectó modal 'Cargando' — página probablemente ya cargada
2026-08-27 17:32:07 - login_automation - INFO - Esperando input de fecha (input.date-input)...
2026-08-27 17:32:07 - login_automation - INFO - Fecha 11-08-2026 ingresada
2026-08-27 17:32:22 - login_automation - INFO - No se encontraron celdas 'Iniciado' tras el sort (día sin 'Iniciado' o sin fichas). Continuando.
2026-08-27 17:32:22 - login_automation - INFO - Tabla ordenada por Estado (descendente)
2026-08-27 17:32:22 - login_automation - INFO - Pacientes del día (todos los estados): 26
2026-08-27 17:32:29 - login_automation - INFO - No se detectó modal 'Cargando' — página probablemente ya cargada
2026-08-27 17:32:29 - login_automation - INFO - Esperando input de fecha (input.date-input)...
2026-08-27 17:32:29 - login_automation - INFO - Fecha 12-08-2026 ingresada
2026-08-27 17:32:44 - login_automation - INFO - No se encontraron celdas 'Iniciado' tras el sort (día sin 'Iniciado' o sin fichas). Continuando.
2026-08-27 17:32:44 - login_automation - INFO - Tabla ordenada por Estado (descendente)
2026-08-27 17:32:44 - login_automation - INFO - Pacientes del día (todos los estados): 30
2026-08-27 17:32:51 - login_automation - INFO - No se detectó modal 'Cargando' — página probablemente ya cargada
2026-08-27 17:32:51 - login_automation - INFO - Esperando input de fecha (input.date-input)...
2026-08-27 17:32:51 - login_automation - INFO - Fecha 13-08-2026 ingresada
2026-08-27 17:33:06 - login_automation - INFO - No se encontraron celdas 'Iniciado' tras el sort (día sin 'Iniciado' o sin fichas). Continuando.
2026-08-27 17:33:06 - login_automation - INFO - Tabla ordenada por Estado (descendente)
2026-08-27 17:33:06 - login_automation - INFO - Pacientes del día (todos los estados): 26
2026-08-27 17:33:13 - login_automation - INFO - No se detectó modal 'Cargando' — página probablemente ya cargada
2026-08-27 17:33:13 - login_automation - INFO - Esperando input de fecha (input.date-input)...
2026-08-27 17:33:13 - login_automation - INFO - Fecha 14-08-2026 ingresada
2026-08-27 17:33:28 - login_automation - INFO - No se encontraron celdas 'Iniciado' tras el sort (día sin 'Iniciado' o sin fichas). Continuando.
2026-08-27 17:33:28 - login_automation - INFO - Tabla ordenada por Estado (descendente)
2026-08-27 17:33:28 - login_automation - INFO - Pacientes del día (todos los estados): 26
2026-08-27 17:33:35 - login_automation - INFO - No se detectó modal 'Cargando' — página probablemente ya cargada
2026-08-27 17:33:35 - login_automation - INFO - Esperando input de fecha (input.date-input)...
2026-08-27 17:33:35 - login_automation - INFO - Fecha 17-08-2026 ingresada
2026-08-27 17:33:50 - login_automation - INFO - No se encontraron celdas 'Iniciado' tras el sort (día sin 'Iniciado' o sin fichas). Continuando.
2026-08-27 17:33:50 - login_automation - INFO - Tabla ordenada por Estado (descendente)
2026-08-27 17:33:50 - login_automation - INFO - Pacientes del día (todos los estados): 26
2026-08-27 17:33:57 - login_automation - INFO - No se detectó modal 'Cargando' — página probablemente ya cargada
2026-08-27 17:33:57 - login_automation - INFO - Esperando input de fecha (input.date-input)...
2026-08-27 17:33:57 - login_automation - INFO - Fecha 18-08-2026 ingresada
2026-08-27 17:34:12 - login_automation - INFO - No se encontraron celdas 'Iniciado' tras el sort (día sin 'Iniciado' o sin fichas). Continuando.
2026-08-27 17:34:12 - login_automation - INFO - Tabla ordenada por Estado (descendente)
2026-08-27 17:34:12 - login_automation - INFO - Pacientes del día (todos los estados): 26
2026-08-27 17:34:19 - login_automation - INFO - No se detectó modal 'Cargando' — página probablemente ya cargada
2026-08-27 17:34:19 - login_automation - INFO - Esperando input de fecha (input.date-input)...
2026-08-27 17:34:19 - login_automation - INFO - Fecha 19-08-2026 ingresada
2026-08-27 17:34:34 - login_automation - INFO - No se encontraron celdas 'Iniciado' tras el sort (día sin 'Iniciado' o sin fichas). Continuando.
2026-08-27 17:34:34 - login_automation - INFO - Tabla ordenada por Estado (descendente)
2026-08-27 17:34:34 - login_automation - INFO - Pacientes del día (todos los estados): 30
2026-08-27 17:34:41 - login_automation - INFO - No se detectó modal 'Cargando' — página probablemente ya cargada
2026-08-27 17:34:41 - login_automation - INFO - Esperando input de fecha (input.date-input)...
2026-08-27 17:34:41 - login_automation - INFO - Fecha 20-08-2026 ingresada
2026-08-27 17:34:56 - login_automation - INFO - No se encontraron celdas 'Iniciado' tras el sort (día sin 'Iniciado' o sin fichas). Continuando.
2026-08-27 17:34:56 - login_automation - INFO - Tabla ordenada por Estado (descendente)
2026-08-27 17:34:56 - login_automation - INFO - Pacientes del día (todos los estados): 26
2026-08-27 17:35:03 - login_automation - INFO - No se detectó modal 'Cargando' — página probablemente ya cargada
2026-08-27 17:35:03 - login_automation - INFO - Esperando input de fecha (input.date-input)...
2026-08-27 17:35:03 - login_automation - INFO - Fecha 21-08-2026 ingresada
2026-08-27 17:35:18 - login_automation - INFO - No se encontraron celdas 'Iniciado' tras el sort (día sin 'Iniciado' o sin fichas). Continuando.
2026-08-27 17:35:18 - login_automation - INFO - Tabla ordenada por Estado (descendente)
2026-08-27 17:35:18 - login_automation - INFO - Pacientes del día (todos los estados): 26
2026-08-27 17:35:25 - login_automation - INFO - No se detectó modal 'Cargando' — página probablemente ya cargada
2026-08-27 17:35:25 - login_automation - INFO - Esperando input de fecha (input.date-input)...
2026-08-27 17:35:25 - login_automation - INFO - Fecha 24-08-2026 ingresada
2026-08-27 17:35:40 - login_automation - INFO - No se encontraron celdas 'Iniciado' tras el sort (día sin 'Iniciado' o sin fichas). Continuando.
2026-08-27 17:35:40 - login_automation - INFO - Tabla ordenada por Estado (descendente)
2026-08-27 17:35:40 - login_automation - INFO - Pacientes del día (todos los estados): 26
2026-08-27 17:35:47 - login_automation - INFO - No se detectó modal 'Cargando' — página probablemente ya cargada
2026-08-27 17:35:47 - login_automation - INFO - Esperando input de fecha (input.date-input)...
2026-08-27 17:35:47 - login_automation - INFO - Fecha 25-08-2026 ingresada
2026-08-27 17:35:47 - login_automation - INFO - Tabla ordenada por Estado (descendente)
2026-08-27 17:35:47 - login_automation - INFO - Pacientes del día (todos los estados): 26
2026-08-27 17:35:54 - login_automation - INFO - No se detectó modal 'Cargando' — página probablemente ya cargada
2026-08-27 17:35:54 - login_automation - INFO - Esperando input de fecha (input.date-input)...
2026-08-27 17:35:54 - login_automation - INFO - Fecha 26-08-2026 ingresada
2026-08-27 17:36:09 - login_automation - INFO - No se encontraron celdas 'Iniciado' tras el sort (día sin 'Iniciado' o sin fichas). Continuando.
2026-08-27 17:36:09 - login_automation - INFO - Tabla ordenada por Estado (descendente)
2026-08-27 17:36:09 - login_automation - INFO - Pacientes del día (todos los estados): 30
2026-08-27 17:36:16 - login_automation - INFO - No se detectó modal 'Cargando' — página probablemente ya cargada
2026-08-27 17:36:16 - login_automation - INFO - Esperando input de fecha (input.date-input)...
2026-08-27 17:36:16 - login_automation - INFO - Fecha 27-08-2026 ingresada
2026-08-27 17:36:17 - login_automation - INFO - Tabla ordenada por Estado (descendente)
2026-08-27 17:36:17 - login_automation - INFO - Pacientes del día (todos los estados): 26
2026-08-27 17:36:21 - login_automation - INFO - Navegador cerrado
2026-08-28 17:02:51 - login_automation - INFO - [pancho] Iniciando login en Rayen APS
2026-08-28 17:02:51 - login_automation - INFO - Iniciando instancia de Google Chrome en modo incognito...
2026-08-28 17:02:53 - login_automation - INFO - Navegando a https://clinico.rayenaps.cl/...
2026-08-28 17:02:54 - login_automation - INFO - Location insertado
2026-08-28 17:02:54 - login_automation - INFO - Username insertado
2026-08-28 17:02:54 - login_automation - INFO - Password insertado
2026-08-28 17:02:54 - login_automation - INFO - Esperando habilitacion del boton de ingreso...
2026-08-28 17:02:54 - login_automation - INFO - Enviando Enter al boton de inicio de sesion...
2026-08-28 17:02:54 - login_automation - INFO - Esperando redireccion fuera de login...
2026-08-28 17:02:55 - login_automation - INFO - Login completado. Maximizando ventana...
2026-08-28 17:02:55 - login_automation - INFO - Modal ocultado por JS
2026-08-28 17:02:55 - login_automation - INFO - Menu lateral abierto
2026-08-28 17:02:55 - login_automation - INFO - Screenshot: step_1_menu_20260828_170255.png
2026-08-28 17:02:55 - login_automation - INFO - Modal 'Cargando' detectado, esperando a que se vaya...
2026-08-28 17:02:58 - login_automation - INFO - Modal 'Cargando' desapareció
2026-08-28 17:02:58 - login_automation - INFO - Box seleccionado
2026-08-28 17:02:58 - login_automation - INFO - Screenshot: step_2_box_20260828_170258.png
2026-08-28 17:03:03 - login_automation - INFO - No se detectó modal 'Cargando' — página probablemente ya cargada
2026-08-28 17:03:03 - login_automation - INFO - Pacientes citados clickeado
2026-08-28 17:03:04 - login_automation - INFO - Screenshot: step_3_pacientes_citados_20260828_170303.png
2026-08-28 17:03:09 - login_automation - INFO - No se detectó modal 'Cargando' — página probablemente ya cargada
2026-08-28 17:03:09 - login_automation - INFO - run_login OK — URL final: https://clinico.rayenaps.cl/main
2026-08-28 17:03:09 - login_automation - INFO - [pancho] Login exitoso — WebDriver listo para operaciones
2026-08-28 17:03:14 - login_automation - INFO - No se detectó modal 'Cargando' — página probablemente ya cargada
2026-08-28 17:03:14 - login_automation - INFO - Esperando input de fecha (input.date-input)...
2026-08-28 17:03:14 - login_automation - INFO - Fecha 03-08-2026 ingresada
2026-08-28 17:03:29 - login_automation - INFO - No se encontraron celdas 'Iniciado' tras el sort (día sin 'Iniciado' o sin fichas). Continuando.
2026-08-28 17:03:29 - login_automation - INFO - Tabla ordenada por Estado (descendente)
2026-08-28 17:03:29 - login_automation - INFO - Pacientes del día (todos los estados): 26
2026-08-28 17:03:36 - login_automation - INFO - No se detectó modal 'Cargando' — página probablemente ya cargada
2026-08-28 17:03:36 - login_automation - INFO - Esperando input de fecha (input.date-input)...
2026-08-28 17:03:36 - login_automation - INFO - Fecha 04-08-2026 ingresada
2026-08-28 17:03:51 - login_automation - INFO - No se encontraron celdas 'Iniciado' tras el sort (día sin 'Iniciado' o sin fichas). Continuando.
2026-08-28 17:03:51 - login_automation - INFO - Tabla ordenada por Estado (descendente)
2026-08-28 17:03:51 - login_automation - INFO - Pacientes del día (todos los estados): 26
2026-08-28 17:03:58 - login_automation - INFO - No se detectó modal 'Cargando' — página probablemente ya cargada
2026-08-28 17:03:58 - login_automation - INFO - Esperando input de fecha (input.date-input)...
2026-08-28 17:03:58 - login_automation - INFO - Fecha 05-08-2026 ingresada
2026-08-28 17:04:13 - login_automation - INFO - No se encontraron celdas 'Iniciado' tras el sort (día sin 'Iniciado' o sin fichas). Continuando.
2026-08-28 17:04:13 - login_automation - INFO - Tabla ordenada por Estado (descendente)
2026-08-28 17:04:13 - login_automation - INFO - Pacientes del día (todos los estados): 26
2026-08-28 17:04:20 - login_automation - INFO - No se detectó modal 'Cargando' — página probablemente ya cargada
2026-08-28 17:04:20 - login_automation - INFO - Esperando input de fecha (input.date-input)...
2026-08-28 17:04:20 - login_automation - INFO - Fecha 06-08-2026 ingresada
2026-08-28 17:04:35 - login_automation - INFO - No se encontraron celdas 'Iniciado' tras el sort (día sin 'Iniciado' o sin fichas). Continuando.
2026-08-28 17:04:35 - login_automation - INFO - Tabla ordenada por Estado (descendente)
2026-08-28 17:04:35 - login_automation - INFO - Pacientes del día (todos los estados): 26
2026-08-28 17:04:42 - login_automation - INFO - No se detectó modal 'Cargando' — página probablemente ya cargada
2026-08-28 17:04:42 - login_automation - INFO - Esperando input de fecha (input.date-input)...
2026-08-28 17:04:42 - login_automation - INFO - Fecha 07-08-2026 ingresada
2026-08-28 17:05:27 - login_automation - INFO - [pancho] Iniciando login en Rayen APS
2026-08-28 17:05:27 - login_automation - INFO - Iniciando instancia de Google Chrome en modo incognito...
2026-08-28 17:05:27 - login_automation - INFO - Navegando a https://clinico.rayenaps.cl/...
2026-08-28 17:05:29 - login_automation - INFO - Location insertado
2026-08-28 17:05:29 - login_automation - INFO - Username insertado
2026-08-28 17:05:29 - login_automation - INFO - Password insertado
2026-08-28 17:05:29 - login_automation - INFO - Esperando habilitacion del boton de ingreso...
2026-08-28 17:05:29 - login_automation - INFO - Enviando Enter al boton de inicio de sesion...
2026-08-28 17:05:29 - login_automation - INFO - Esperando redireccion fuera de login...
2026-08-28 17:05:29 - login_automation - INFO - Login completado. Maximizando ventana...
2026-08-28 17:05:29 - login_automation - INFO - Modal ocultado por JS
2026-08-28 17:05:29 - login_automation - INFO - Menu lateral abierto
2026-08-28 17:05:30 - login_automation - INFO - Screenshot: step_1_menu_20260828_170529.png
2026-08-28 17:05:30 - login_automation - INFO - Modal 'Cargando' detectado, esperando a que se vaya...
2026-08-28 17:05:33 - login_automation - INFO - Modal 'Cargando' desapareció
2026-08-28 17:05:33 - login_automation - INFO - Box seleccionado
2026-08-28 17:05:33 - login_automation - INFO - Screenshot: step_2_box_20260828_170533.png
2026-08-28 17:05:39 - login_automation - INFO - No se detectó modal 'Cargando' — página probablemente ya cargada
2026-08-28 17:05:39 - login_automation - INFO - Pacientes citados clickeado
2026-08-28 17:05:39 - login_automation - INFO - Screenshot: step_3_pacientes_citados_20260828_170539.png
2026-08-28 17:05:44 - login_automation - INFO - No se detectó modal 'Cargando' — página probablemente ya cargada
2026-08-28 17:05:44 - login_automation - INFO - run_login OK — URL final: https://clinico.rayenaps.cl/main
2026-08-28 17:05:44 - login_automation - INFO - [pancho] Login exitoso — WebDriver listo para operaciones
2026-08-28 17:05:49 - login_automation - INFO - No se detectó modal 'Cargando' — página probablemente ya cargada
2026-08-28 17:05:49 - login_automation - INFO - Esperando input de fecha (input.date-input)...
2026-08-28 17:05:49 - login_automation - INFO - Fecha 03-08-2026 ingresada
2026-08-28 17:06:04 - login_automation - INFO - No se encontraron celdas 'Iniciado' tras el sort (día sin 'Iniciado' o sin fichas). Continuando.
2026-08-28 17:06:04 - login_automation - INFO - Tabla ordenada por Estado (descendente)
2026-08-28 17:06:04 - login_automation - INFO - Pacientes del día (todos los estados): 26
2026-08-28 17:06:11 - login_automation - INFO - No se detectó modal 'Cargando' — página probablemente ya cargada
2026-08-28 17:06:11 - login_automation - INFO - Esperando input de fecha (input.date-input)...
2026-08-28 17:06:11 - login_automation - INFO - Fecha 04-08-2026 ingresada
2026-08-28 17:06:26 - login_automation - INFO - No se encontraron celdas 'Iniciado' tras el sort (día sin 'Iniciado' o sin fichas). Continuando.
2026-08-28 17:06:26 - login_automation - INFO - Tabla ordenada por Estado (descendente)
2026-08-28 17:06:26 - login_automation - INFO - Pacientes del día (todos los estados): 26
2026-08-28 17:06:33 - login_automation - INFO - No se detectó modal 'Cargando' — página probablemente ya cargada
2026-08-28 17:06:33 - login_automation - INFO - Esperando input de fecha (input.date-input)...
2026-08-28 17:06:33 - login_automation - INFO - Fecha 05-08-2026 ingresada
2026-08-28 17:06:48 - login_automation - INFO - No se encontraron celdas 'Iniciado' tras el sort (día sin 'Iniciado' o sin fichas). Continuando.
2026-08-28 17:06:48 - login_automation - INFO - Tabla ordenada por Estado (descendente)
2026-08-28 17:06:48 - login_automation - INFO - Pacientes del día (todos los estados): 26
2026-08-28 17:06:55 - login_automation - INFO - No se detectó modal 'Cargando' — página probablemente ya cargada
2026-08-28 17:06:55 - login_automation - INFO - Esperando input de fecha (input.date-input)...
2026-08-28 17:06:55 - login_automation - INFO - Fecha 06-08-2026 ingresada
2026-08-28 17:07:10 - login_automation - INFO - No se encontraron celdas 'Iniciado' tras el sort (día sin 'Iniciado' o sin fichas). Continuando.
2026-08-28 17:07:10 - login_automation - INFO - Tabla ordenada por Estado (descendente)
2026-08-28 17:07:10 - login_automation - INFO - Pacientes del día (todos los estados): 26
2026-08-28 17:07:17 - login_automation - INFO - No se detectó modal 'Cargando' — página probablemente ya cargada
2026-08-28 17:07:17 - login_automation - INFO - Esperando input de fecha (input.date-input)...
2026-08-28 17:07:17 - login_automation - INFO - Fecha 07-08-2026 ingresada
2026-08-28 17:07:32 - login_automation - INFO - No se encontraron celdas 'Iniciado' tras el sort (día sin 'Iniciado' o sin fichas). Continuando.
2026-08-28 17:07:32 - login_automation - INFO - Tabla ordenada por Estado (descendente)
2026-08-28 17:07:32 - login_automation - INFO - Pacientes del día (todos los estados): 29
2026-08-28 17:07:39 - login_automation - INFO - No se detectó modal 'Cargando' — página probablemente ya cargada
2026-08-28 17:07:39 - login_automation - INFO - Esperando input de fecha (input.date-input)...
2026-08-28 17:07:39 - login_automation - INFO - Fecha 10-08-2026 ingresada
2026-08-28 17:07:54 - login_automation - INFO - No se encontraron celdas 'Iniciado' tras el sort (día sin 'Iniciado' o sin fichas). Continuando.
2026-08-28 17:07:54 - login_automation - INFO - Tabla ordenada por Estado (descendente)
2026-08-28 17:07:54 - login_automation - INFO - Pacientes del día (todos los estados): 26
2026-08-28 17:08:01 - login_automation - INFO - No se detectó modal 'Cargando' — página probablemente ya cargada
2026-08-28 17:08:01 - login_automation - INFO - Esperando input de fecha (input.date-input)...
2026-08-28 17:08:01 - login_automation - INFO - Fecha 11-08-2026 ingresada
2026-08-28 17:08:16 - login_automation - INFO - No se encontraron celdas 'Iniciado' tras el sort (día sin 'Iniciado' o sin fichas). Continuando.
2026-08-28 17:08:16 - login_automation - INFO - Tabla ordenada por Estado (descendente)
2026-08-28 17:08:16 - login_automation - INFO - Pacientes del día (todos los estados): 26
2026-08-28 17:08:23 - login_automation - INFO - No se detectó modal 'Cargando' — página probablemente ya cargada
2026-08-28 17:08:23 - login_automation - INFO - Esperando input de fecha (input.date-input)...
2026-08-28 17:08:23 - login_automation - INFO - Fecha 12-08-2026 ingresada
2026-08-28 17:08:38 - login_automation - INFO - No se encontraron celdas 'Iniciado' tras el sort (día sin 'Iniciado' o sin fichas). Continuando.
2026-08-28 17:08:38 - login_automation - INFO - Tabla ordenada por Estado (descendente)
2026-08-28 17:08:38 - login_automation - INFO - Pacientes del día (todos los estados): 30
2026-08-28 17:08:45 - login_automation - INFO - No se detectó modal 'Cargando' — página probablemente ya cargada
2026-08-28 17:08:45 - login_automation - INFO - Esperando input de fecha (input.date-input)...
2026-08-28 17:08:45 - login_automation - INFO - Fecha 13-08-2026 ingresada
2026-08-28 17:09:00 - login_automation - INFO - No se encontraron celdas 'Iniciado' tras el sort (día sin 'Iniciado' o sin fichas). Continuando.
2026-08-28 17:09:00 - login_automation - INFO - Tabla ordenada por Estado (descendente)
2026-08-28 17:09:00 - login_automation - INFO - Pacientes del día (todos los estados): 26
2026-08-28 17:09:07 - login_automation - INFO - No se detectó modal 'Cargando' — página probablemente ya cargada
2026-08-28 17:09:07 - login_automation - INFO - Esperando input de fecha (input.date-input)...
2026-08-28 17:09:07 - login_automation - INFO - Fecha 14-08-2026 ingresada
2026-08-28 17:09:22 - login_automation - INFO - No se encontraron celdas 'Iniciado' tras el sort (día sin 'Iniciado' o sin fichas). Continuando.
2026-08-28 17:09:22 - login_automation - INFO - Tabla ordenada por Estado (descendente)
2026-08-28 17:09:22 - login_automation - INFO - Pacientes del día (todos los estados): 26
2026-08-28 17:09:29 - login_automation - INFO - No se detectó modal 'Cargando' — página probablemente ya cargada
2026-08-28 17:09:29 - login_automation - INFO - Esperando input de fecha (input.date-input)...
2026-08-28 17:09:29 - login_automation - INFO - Fecha 17-08-2026 ingresada
2026-08-28 17:09:44 - login_automation - INFO - No se encontraron celdas 'Iniciado' tras el sort (día sin 'Iniciado' o sin fichas). Continuando.
2026-08-28 17:09:44 - login_automation - INFO - Tabla ordenada por Estado (descendente)
2026-08-28 17:09:44 - login_automation - INFO - Pacientes del día (todos los estados): 26
2026-08-28 17:09:51 - login_automation - INFO - No se detectó modal 'Cargando' — página probablemente ya cargada
2026-08-28 17:09:51 - login_automation - INFO - Esperando input de fecha (input.date-input)...
2026-08-28 17:09:51 - login_automation - INFO - Fecha 18-08-2026 ingresada
2026-08-28 17:10:06 - login_automation - INFO - No se encontraron celdas 'Iniciado' tras el sort (día sin 'Iniciado' o sin fichas). Continuando.
2026-08-28 17:10:06 - login_automation - INFO - Tabla ordenada por Estado (descendente)
2026-08-28 17:10:06 - login_automation - INFO - Pacientes del día (todos los estados): 26
2026-08-28 17:10:13 - login_automation - INFO - No se detectó modal 'Cargando' — página probablemente ya cargada
2026-08-28 17:10:13 - login_automation - INFO - Esperando input de fecha (input.date-input)...
2026-08-28 17:10:13 - login_automation - INFO - Fecha 19-08-2026 ingresada
2026-08-28 17:10:28 - login_automation - INFO - No se encontraron celdas 'Iniciado' tras el sort (día sin 'Iniciado' o sin fichas). Continuando.
2026-08-28 17:10:28 - login_automation - INFO - Tabla ordenada por Estado (descendente)
2026-08-28 17:10:28 - login_automation - INFO - Pacientes del día (todos los estados): 30
2026-08-28 17:10:35 - login_automation - INFO - No se detectó modal 'Cargando' — página probablemente ya cargada
2026-08-28 17:10:35 - login_automation - INFO - Esperando input de fecha (input.date-input)...
2026-08-28 17:10:35 - login_automation - INFO - Fecha 20-08-2026 ingresada
2026-08-28 17:10:51 - login_automation - INFO - No se encontraron celdas 'Iniciado' tras el sort (día sin 'Iniciado' o sin fichas). Continuando.
2026-08-28 17:10:51 - login_automation - INFO - Tabla ordenada por Estado (descendente)
2026-08-28 17:10:51 - login_automation - INFO - Pacientes del día (todos los estados): 26
2026-08-28 17:10:57 - login_automation - INFO - No se detectó modal 'Cargando' — página probablemente ya cargada
2026-08-28 17:10:57 - login_automation - INFO - Esperando input de fecha (input.date-input)...
2026-08-28 17:10:57 - login_automation - INFO - Fecha 21-08-2026 ingresada
2026-08-28 17:11:12 - login_automation - INFO - No se encontraron celdas 'Iniciado' tras el sort (día sin 'Iniciado' o sin fichas). Continuando.
2026-08-28 17:11:12 - login_automation - INFO - Tabla ordenada por Estado (descendente)
2026-08-28 17:11:12 - login_automation - INFO - Pacientes del día (todos los estados): 26
2026-08-28 17:11:19 - login_automation - INFO - No se detectó modal 'Cargando' — página probablemente ya cargada
2026-08-28 17:11:19 - login_automation - INFO - Esperando input de fecha (input.date-input)...
2026-08-28 17:11:19 - login_automation - INFO - Fecha 24-08-2026 ingresada
2026-08-28 17:11:34 - login_automation - INFO - No se encontraron celdas 'Iniciado' tras el sort (día sin 'Iniciado' o sin fichas). Continuando.
2026-08-28 17:11:34 - login_automation - INFO - Tabla ordenada por Estado (descendente)
2026-08-28 17:11:34 - login_automation - INFO - Pacientes del día (todos los estados): 26
2026-08-28 17:11:41 - login_automation - INFO - No se detectó modal 'Cargando' — página probablemente ya cargada
2026-08-28 17:11:41 - login_automation - INFO - Esperando input de fecha (input.date-input)...
2026-08-28 17:11:41 - login_automation - INFO - Fecha 25-08-2026 ingresada
2026-08-28 17:11:42 - login_automation - INFO - Tabla ordenada por Estado (descendente)
2026-08-28 17:11:42 - login_automation - INFO - Pacientes del día (todos los estados): 26
2026-08-28 17:11:48 - login_automation - INFO - No se detectó modal 'Cargando' — página probablemente ya cargada
2026-08-28 17:11:48 - login_automation - INFO - Esperando input de fecha (input.date-input)...
2026-08-28 17:11:48 - login_automation - INFO - Fecha 26-08-2026 ingresada
2026-08-28 17:12:04 - login_automation - INFO - No se encontraron celdas 'Iniciado' tras el sort (día sin 'Iniciado' o sin fichas). Continuando.
2026-08-28 17:12:04 - login_automation - INFO - Tabla ordenada por Estado (descendente)
2026-08-28 17:12:04 - login_automation - INFO - Pacientes del día (todos los estados): 30
2026-08-28 17:12:10 - login_automation - INFO - No se detectó modal 'Cargando' — página probablemente ya cargada
2026-08-28 17:12:10 - login_automation - INFO - Esperando input de fecha (input.date-input)...
2026-08-28 17:12:10 - login_automation - INFO - Fecha 27-08-2026 ingresada
2026-08-28 17:12:11 - login_automation - INFO - Tabla ordenada por Estado (descendente)
2026-08-28 17:12:11 - login_automation - INFO - Pacientes del día (todos los estados): 26
2026-08-28 17:12:17 - login_automation - INFO - No se detectó modal 'Cargando' — página probablemente ya cargada
2026-08-28 17:12:17 - login_automation - INFO - Esperando input de fecha (input.date-input)...
2026-08-28 17:12:18 - login_automation - INFO - Fecha 28-08-2026 ingresada
2026-08-28 17:12:18 - login_automation - INFO - Tabla ordenada por Estado (descendente)
2026-08-28 17:12:18 - login_automation - INFO - Pacientes del día (todos los estados): 26
2026-08-28 17:12:22 - login_automation - INFO - Navegador cerrado
2026-09-09 11:48:33 - login_automation - INFO - [pancho] Iniciando login en Rayen APS
2026-09-09 11:48:33 - login_automation - INFO - Iniciando instancia de Google Chrome en modo incognito...
2026-09-09 11:48:37 - login_automation - INFO - Navegando a https://clinico.rayenaps.cl/...
2026-09-09 11:48:40 - login_automation - INFO - Location insertado
2026-09-09 11:48:40 - login_automation - INFO - Username insertado
2026-09-09 11:48:40 - login_automation - INFO - Password insertado
2026-09-09 11:48:40 - login_automation - INFO - Esperando habilitacion del boton de ingreso...
2026-09-09 11:48:40 - login_automation - INFO - Enviando Enter al boton de inicio de sesion...
2026-09-09 11:48:40 - login_automation - INFO - Esperando redireccion fuera de login...
2026-09-09 11:48:41 - login_automation - INFO - Login completado. Maximizando ventana...
2026-09-09 11:48:41 - login_automation - INFO - Modal ocultado por JS
2026-09-09 11:48:41 - login_automation - INFO - Menu lateral abierto
2026-09-09 11:48:41 - login_automation - INFO - Screenshot: step_1_menu_20260909_114841.png
2026-09-09 11:48:41 - login_automation - INFO - Modal 'Cargando' detectado, esperando a que se vaya...
2026-09-09 11:48:44 - login_automation - INFO - Modal 'Cargando' desapareció
2026-09-09 11:48:44 - login_automation - INFO - Box seleccionado
2026-09-09 11:48:44 - login_automation - INFO - Screenshot: step_2_box_20260909_114844.png
2026-09-09 11:48:49 - login_automation - INFO - No se detectó modal 'Cargando' — página probablemente ya cargada
2026-09-09 11:48:49 - login_automation - INFO - Pacientes citados clickeado
2026-09-09 11:48:49 - login_automation - INFO - Screenshot: step_3_pacientes_citados_20260909_114849.png
2026-09-09 11:48:54 - login_automation - INFO - No se detectó modal 'Cargando' — página probablemente ya cargada
2026-09-09 11:48:54 - login_automation - INFO - run_login OK — URL final: https://clinico.rayenaps.cl/main
2026-09-09 11:48:54 - login_automation - INFO - [pancho] Login exitoso — WebDriver listo para operaciones
2026-09-09 11:49:00 - login_automation - INFO - No se detectó modal 'Cargando' — página probablemente ya cargada
2026-09-09 11:49:00 - login_automation - INFO - Esperando input de fecha (input.date-input)...
2026-09-09 11:49:00 - login_automation - INFO - Fecha 01-09-2026 ingresada
2026-09-09 11:49:15 - login_automation - INFO - No se encontraron celdas 'Iniciado' tras el sort (día sin 'Iniciado' o sin fichas). Continuando.
2026-09-09 11:49:15 - login_automation - INFO - Tabla ordenada por Estado (descendente)
2026-09-09 11:49:15 - login_automation - INFO - Pacientes del día (todos los estados): 26
2026-09-09 11:49:21 - login_automation - INFO - No se detectó modal 'Cargando' — página probablemente ya cargada
2026-09-09 11:49:21 - login_automation - INFO - Esperando input de fecha (input.date-input)...
2026-09-09 11:49:21 - login_automation - INFO - Fecha 02-09-2026 ingresada
2026-09-09 11:49:37 - login_automation - INFO - No se encontraron celdas 'Iniciado' tras el sort (día sin 'Iniciado' o sin fichas). Continuando.
2026-09-09 11:49:37 - login_automation - INFO - Tabla ordenada por Estado (descendente)
2026-09-09 11:49:37 - login_automation - INFO - Pacientes del día (todos los estados): 26
2026-09-09 11:49:43 - login_automation - INFO - No se detectó modal 'Cargando' — página probablemente ya cargada
2026-09-09 11:49:43 - login_automation - INFO - Esperando input de fecha (input.date-input)...
2026-09-09 11:49:43 - login_automation - INFO - Fecha 03-09-2026 ingresada
2026-09-09 11:49:45 - login_automation - INFO - Tabla ordenada por Estado (descendente)
2026-09-09 11:49:45 - login_automation - INFO - Pacientes del día (todos los estados): 26
2026-09-09 11:49:51 - login_automation - INFO - No se detectó modal 'Cargando' — página probablemente ya cargada
2026-09-09 11:49:51 - login_automation - INFO - Esperando input de fecha (input.date-input)...
2026-09-09 11:49:51 - login_automation - INFO - Fecha 04-09-2026 ingresada
2026-09-09 11:49:52 - login_automation - INFO - Tabla ordenada por Estado (descendente)
2026-09-09 11:49:52 - login_automation - INFO - Pacientes del día (todos los estados): 26
2026-09-09 11:49:58 - login_automation - INFO - No se detectó modal 'Cargando' — página probablemente ya cargada
2026-09-09 11:49:58 - login_automation - INFO - Esperando input de fecha (input.date-input)...
2026-09-09 11:49:58 - login_automation - INFO - Fecha 07-09-2026 ingresada
2026-09-09 11:49:59 - login_automation - INFO - Tabla ordenada por Estado (descendente)
2026-09-09 11:49:59 - login_automation - INFO - Pacientes del día (todos los estados): 26
2026-09-09 11:50:05 - login_automation - INFO - No se detectó modal 'Cargando' — página probablemente ya cargada
2026-09-09 11:50:05 - login_automation - INFO - Esperando input de fecha (input.date-input)...
2026-09-09 11:50:05 - login_automation - INFO - Fecha 08-09-2026 ingresada
2026-09-09 11:50:06 - login_automation - INFO - Tabla ordenada por Estado (descendente)
2026-09-09 11:50:06 - login_automation - INFO - Pacientes del día (todos los estados): 26
2026-09-09 11:50:13 - login_automation - INFO - No se detectó modal 'Cargando' — página probablemente ya cargada
2026-09-09 11:50:13 - login_automation - INFO - Esperando input de fecha (input.date-input)...
2026-09-09 11:50:13 - login_automation - INFO - Fecha 09-09-2026 ingresada
2026-09-09 11:50:28 - login_automation - INFO - No se encontraron celdas 'Iniciado' tras el sort (día sin 'Iniciado' o sin fichas). Continuando.
2026-09-09 11:50:28 - login_automation - INFO - Tabla ordenada por Estado (descendente)
2026-09-09 11:50:28 - login_automation - INFO - Pacientes del día (todos los estados): 26
2026-09-09 11:50:32 - login_automation - INFO - Navegador cerrado
2026-09-09 13:49:28 - login_automation - INFO - [pancho] Iniciando login en Rayen APS
2026-09-09 13:49:28 - login_automation - INFO - Iniciando instancia de Google Chrome en modo incognito...
2026-09-09 13:49:30 - login_automation - INFO - Navegando a https://clinico.rayenaps.cl/...
2026-09-09 13:49:31 - login_automation - INFO - Location insertado
2026-09-09 13:49:31 - login_automation - INFO - Username insertado
2026-09-09 13:49:31 - login_automation - INFO - Password insertado
2026-09-09 13:49:31 - login_automation - INFO - Esperando habilitacion del boton de ingreso...
2026-09-09 13:49:31 - login_automation - INFO - Enviando Enter al boton de inicio de sesion...
2026-09-09 13:49:31 - login_automation - INFO - Esperando redireccion fuera de login...
2026-09-09 13:49:32 - login_automation - INFO - Login completado. Maximizando ventana...
2026-09-09 13:49:32 - login_automation - INFO - Modal ocultado por JS
2026-09-09 13:49:32 - login_automation - INFO - Menu lateral abierto
2026-09-09 13:49:32 - login_automation - INFO - Screenshot: step_1_menu_20260909_134932.png
2026-09-09 13:49:32 - login_automation - INFO - Modal 'Cargando' detectado, esperando a que se vaya...
2026-09-09 13:49:35 - login_automation - INFO - Modal 'Cargando' desapareció
2026-09-09 13:49:35 - login_automation - INFO - Box seleccionado
2026-09-09 13:49:36 - login_automation - INFO - Screenshot: step_2_box_20260909_134935.png
2026-09-09 13:49:41 - login_automation - INFO - No se detectó modal 'Cargando' — página probablemente ya cargada
2026-09-09 13:49:41 - login_automation - INFO - Pacientes citados clickeado
2026-09-09 13:49:41 - login_automation - INFO - Screenshot: step_3_pacientes_citados_20260909_134941.png
2026-09-09 13:49:46 - login_automation - INFO - No se detectó modal 'Cargando' — página probablemente ya cargada
2026-09-09 13:49:46 - login_automation - INFO - run_login OK — URL final: https://clinico.rayenaps.cl/main
2026-09-09 13:49:46 - login_automation - INFO - [pancho] Login exitoso — WebDriver listo para operaciones
2026-09-09 13:49:51 - login_automation - INFO - No se detectó modal 'Cargando' — página probablemente ya cargada
2026-09-09 13:49:51 - login_automation - INFO - Esperando input de fecha (input.date-input)...
2026-09-09 13:49:51 - login_automation - INFO - Fecha 01-09-2026 ingresada
2026-09-09 13:50:07 - login_automation - INFO - No se encontraron celdas 'Iniciado' tras el sort (día sin 'Iniciado' o sin fichas). Continuando.
2026-09-09 13:50:07 - login_automation - INFO - Tabla ordenada por Estado (descendente)
2026-09-09 13:50:07 - login_automation - INFO - Pacientes del día (todos los estados): 26
2026-09-09 13:50:13 - login_automation - INFO - No se detectó modal 'Cargando' — página probablemente ya cargada
2026-09-09 13:50:13 - login_automation - INFO - Esperando input de fecha (input.date-input)...
2026-09-09 13:50:13 - login_automation - INFO - Fecha 02-09-2026 ingresada
2026-09-09 13:50:29 - login_automation - INFO - No se encontraron celdas 'Iniciado' tras el sort (día sin 'Iniciado' o sin fichas). Continuando.
2026-09-09 13:50:29 - login_automation - INFO - Tabla ordenada por Estado (descendente)
2026-09-09 13:50:29 - login_automation - INFO - Pacientes del día (todos los estados): 26
2026-09-09 13:50:36 - login_automation - INFO - No se detectó modal 'Cargando' — página probablemente ya cargada
2026-09-09 13:50:36 - login_automation - INFO - Esperando input de fecha (input.date-input)...
2026-09-09 13:50:36 - login_automation - INFO - Fecha 03-09-2026 ingresada
2026-09-09 13:50:36 - login_automation - INFO - Tabla ordenada por Estado (descendente)
2026-09-09 13:50:36 - login_automation - INFO - Pacientes del día (todos los estados): 26
2026-09-09 13:50:43 - login_automation - INFO - No se detectó modal 'Cargando' — página probablemente ya cargada
2026-09-09 13:50:43 - login_automation - INFO - Esperando input de fecha (input.date-input)...
2026-09-09 13:50:43 - login_automation - INFO - Fecha 04-09-2026 ingresada
2026-09-09 13:50:44 - login_automation - INFO - Tabla ordenada por Estado (descendente)
2026-09-09 13:50:44 - login_automation - INFO - Pacientes del día (todos los estados): 26
2026-09-09 13:50:51 - login_automation - INFO - No se detectó modal 'Cargando' — página probablemente ya cargada
2026-09-09 13:50:51 - login_automation - INFO - Esperando input de fecha (input.date-input)...
2026-09-09 13:50:51 - login_automation - INFO - Fecha 07-09-2026 ingresada
2026-09-09 13:50:52 - login_automation - INFO - Tabla ordenada por Estado (descendente)
2026-09-09 13:50:52 - login_automation - INFO - Pacientes del día (todos los estados): 26
2026-09-09 13:50:58 - login_automation - INFO - No se detectó modal 'Cargando' — página probablemente ya cargada
2026-09-09 13:50:58 - login_automation - INFO - Esperando input de fecha (input.date-input)...
2026-09-09 13:50:59 - login_automation - INFO - Fecha 08-09-2026 ingresada
2026-09-09 13:50:59 - login_automation - INFO - Tabla ordenada por Estado (descendente)
2026-09-09 13:50:59 - login_automation - INFO - Pacientes del día (todos los estados): 26
2026-09-09 13:51:06 - login_automation - INFO - No se detectó modal 'Cargando' — página probablemente ya cargada
2026-09-09 13:51:06 - login_automation - INFO - Esperando input de fecha (input.date-input)...
2026-09-09 13:51:06 - login_automation - INFO - Fecha 09-09-2026 ingresada
2026-09-09 13:51:21 - login_automation - INFO - No se encontraron celdas 'Iniciado' tras el sort (día sin 'Iniciado' o sin fichas). Continuando.
2026-09-09 13:51:21 - login_automation - INFO - Tabla ordenada por Estado (descendente)
2026-09-09 13:51:21 - login_automation - INFO - Pacientes del día (todos los estados): 26
2026-09-09 13:51:25 - login_automation - INFO - Navegador cerrado
2026-09-09 14:10:47 - login_automation - INFO - [pancho] Iniciando login en Rayen APS
2026-09-09 14:10:47 - login_automation - INFO - Iniciando instancia de Google Chrome en modo incognito...
2026-09-09 14:10:48 - login_automation - INFO - Navegando a https://clinico.rayenaps.cl/...
2026-09-09 14:10:49 - login_automation - INFO - Location insertado
2026-09-09 14:10:49 - login_automation - INFO - Username insertado
2026-09-09 14:10:49 - login_automation - INFO - Password insertado
2026-09-09 14:10:49 - login_automation - INFO - Esperando habilitacion del boton de ingreso...
2026-09-09 14:10:49 - login_automation - INFO - Enviando Enter al boton de inicio de sesion...
2026-09-09 14:10:49 - login_automation - INFO - Esperando redireccion fuera de login...
2026-09-09 14:10:50 - login_automation - INFO - Login completado. Maximizando ventana...
2026-09-09 14:10:50 - login_automation - INFO - Modal ocultado por JS
2026-09-09 14:10:50 - login_automation - INFO - Menu lateral abierto
2026-09-09 14:10:50 - login_automation - INFO - Screenshot: step_1_menu_20260909_141050.png
2026-09-09 14:10:50 - login_automation - INFO - Modal 'Cargando' detectado, esperando a que se vaya...
2026-09-09 14:10:53 - login_automation - INFO - Modal 'Cargando' desapareció
2026-09-09 14:10:53 - login_automation - INFO - Box seleccionado
2026-09-09 14:10:53 - login_automation - INFO - Screenshot: step_2_box_20260909_141053.png
2026-09-09 14:10:58 - login_automation - INFO - No se detectó modal 'Cargando' — página probablemente ya cargada
2026-09-09 14:10:59 - login_automation - INFO - Pacientes citados clickeado
2026-09-09 14:10:59 - login_automation - INFO - Screenshot: step_3_pacientes_citados_20260909_141059.png
2026-09-09 14:11:04 - login_automation - INFO - No se detectó modal 'Cargando' — página probablemente ya cargada
2026-09-09 14:11:04 - login_automation - INFO - run_login OK — URL final: https://clinico.rayenaps.cl/main
2026-09-09 14:11:04 - login_automation - INFO - [pancho] Login exitoso — WebDriver listo para operaciones
2026-09-09 14:11:09 - login_automation - INFO - No se detectó modal 'Cargando' — página probablemente ya cargada
2026-09-09 14:11:09 - login_automation - INFO - Esperando input de fecha (input.date-input)...
2026-09-09 14:11:09 - login_automation - INFO - Fecha 01-09-2026 ingresada
2026-09-09 14:11:24 - login_automation - INFO - No se encontraron celdas 'Iniciado' tras el sort (día sin 'Iniciado' o sin fichas). Continuando.
2026-09-09 14:11:24 - login_automation - INFO - Tabla ordenada por Estado (descendente)
2026-09-09 14:11:24 - login_automation - INFO - Pacientes del día (todos los estados): 26
2026-09-09 14:11:31 - login_automation - INFO - No se detectó modal 'Cargando' — página probablemente ya cargada
2026-09-09 14:11:31 - login_automation - INFO - Esperando input de fecha (input.date-input)...
2026-09-09 14:11:31 - login_automation - INFO - Fecha 02-09-2026 ingresada
2026-09-09 14:11:46 - login_automation - INFO - No se encontraron celdas 'Iniciado' tras el sort (día sin 'Iniciado' o sin fichas). Continuando.
2026-09-09 14:11:46 - login_automation - INFO - Tabla ordenada por Estado (descendente)
2026-09-09 14:11:46 - login_automation - INFO - Pacientes del día (todos los estados): 26
2026-09-09 14:11:53 - login_automation - INFO - No se detectó modal 'Cargando' — página probablemente ya cargada
2026-09-09 14:11:53 - login_automation - INFO - Esperando input de fecha (input.date-input)...
2026-09-09 14:11:53 - login_automation - INFO - Fecha 03-09-2026 ingresada
2026-09-09 14:11:53 - login_automation - INFO - Tabla ordenada por Estado (descendente)
2026-09-09 14:11:53 - login_automation - INFO - Pacientes del día (todos los estados): 26
2026-09-09 14:12:00 - login_automation - INFO - No se detectó modal 'Cargando' — página probablemente ya cargada
2026-09-09 14:12:00 - login_automation - INFO - Esperando input de fecha (input.date-input)...
2026-09-09 14:12:00 - login_automation - INFO - Fecha 04-09-2026 ingresada
2026-09-09 14:12:01 - login_automation - INFO - Tabla ordenada por Estado (descendente)
2026-09-09 14:12:01 - login_automation - INFO - Pacientes del día (todos los estados): 26
2026-09-09 14:12:07 - login_automation - INFO - No se detectó modal 'Cargando' — página probablemente ya cargada
2026-09-09 14:12:07 - login_automation - INFO - Esperando input de fecha (input.date-input)...
2026-09-09 14:12:07 - login_automation - INFO - Fecha 07-09-2026 ingresada
2026-09-09 14:12:08 - login_automation - INFO - Tabla ordenada por Estado (descendente)
2026-09-09 14:12:08 - login_automation - INFO - Pacientes del día (todos los estados): 26
2026-09-09 14:12:15 - login_automation - INFO - No se detectó modal 'Cargando' — página probablemente ya cargada
2026-09-09 14:12:15 - login_automation - INFO - Esperando input de fecha (input.date-input)...
2026-09-09 14:12:15 - login_automation - INFO - Fecha 08-09-2026 ingresada
2026-09-09 14:12:15 - login_automation - INFO - Tabla ordenada por Estado (descendente)
2026-09-09 14:12:15 - login_automation - INFO - Pacientes del día (todos los estados): 26
2026-09-09 14:12:22 - login_automation - INFO - No se detectó modal 'Cargando' — página probablemente ya cargada
2026-09-09 14:12:22 - login_automation - INFO - Esperando input de fecha (input.date-input)...
2026-09-09 14:12:22 - login_automation - INFO - Fecha 09-09-2026 ingresada
2026-09-09 14:12:37 - login_automation - INFO - No se encontraron celdas 'Iniciado' tras el sort (día sin 'Iniciado' o sin fichas). Continuando.
2026-09-09 14:12:37 - login_automation - INFO - Tabla ordenada por Estado (descendente)
2026-09-09 14:12:37 - login_automation - INFO - Pacientes del día (todos los estados): 26
2026-09-09 14:12:42 - login_automation - INFO - Navegador cerrado
2026-09-09 19:55:21 - login_automation - INFO - [pancho] Iniciando login en Rayen APS
2026-09-09 19:55:21 - login_automation - INFO - Iniciando instancia de Google Chrome en modo incognito...
2026-09-09 19:55:27 - login_automation - INFO - Navegando a https://clinico.rayenaps.cl/...
2026-09-09 19:55:29 - login_automation - INFO - Location insertado
2026-09-09 19:55:29 - login_automation - INFO - Username insertado
2026-09-09 19:55:29 - login_automation - INFO - Password insertado
2026-09-09 19:55:29 - login_automation - INFO - Esperando habilitacion del boton de ingreso...
2026-09-09 19:55:29 - login_automation - INFO - Enviando Enter al boton de inicio de sesion...
2026-09-09 19:55:29 - login_automation - INFO - Esperando redireccion fuera de login...
2026-09-09 19:55:30 - login_automation - INFO - Login completado. Maximizando ventana...
2026-09-09 19:55:30 - login_automation - INFO - Modal ocultado por JS
2026-09-09 19:55:30 - login_automation - INFO - Menu lateral abierto
2026-09-09 19:55:31 - login_automation - INFO - Screenshot: step_1_menu_20260909_195530.png
2026-09-09 19:55:31 - login_automation - INFO - Modal 'Cargando' detectado, esperando a que se vaya...
2026-09-09 19:55:36 - login_automation - INFO - Modal 'Cargando' desapareció
2026-09-09 19:55:36 - login_automation - INFO - Box seleccionado
2026-09-09 19:55:36 - login_automation - INFO - Screenshot: step_2_box_20260909_195536.png
2026-09-09 19:55:41 - login_automation - INFO - No se detectó modal 'Cargando' — página probablemente ya cargada
2026-09-09 19:55:41 - login_automation - INFO - Pacientes citados clickeado
2026-09-09 19:55:42 - login_automation - INFO - Screenshot: step_3_pacientes_citados_20260909_195541.png
2026-09-09 19:55:47 - login_automation - INFO - No se detectó modal 'Cargando' — página probablemente ya cargada
2026-09-09 19:55:47 - login_automation - INFO - run_login OK — URL final: https://clinico.rayenaps.cl/main
2026-09-09 19:55:47 - login_automation - INFO - [pancho] Login exitoso — WebDriver listo para operaciones
2026-09-09 19:55:52 - login_automation - INFO - No se detectó modal 'Cargando' — página probablemente ya cargada
2026-09-09 19:55:52 - login_automation - INFO - Esperando input de fecha (input.date-input)...
2026-09-09 19:55:52 - login_automation - INFO - Fecha 01-09-2026 ingresada
2026-09-09 19:56:08 - login_automation - INFO - No se encontraron celdas 'Iniciado' tras el sort (día sin 'Iniciado' o sin fichas). Continuando.
2026-09-09 19:56:08 - login_automation - INFO - Tabla ordenada por Estado (descendente)
2026-09-09 19:56:08 - login_automation - INFO - Pacientes del día (todos los estados): 10
2026-09-09 19:56:14 - login_automation - INFO - No se detectó modal 'Cargando' — página probablemente ya cargada
2026-09-09 19:56:14 - login_automation - INFO - Esperando input de fecha (input.date-input)...
2026-09-09 19:56:14 - login_automation - INFO - Fecha 02-09-2026 ingresada
2026-09-09 19:56:30 - login_automation - INFO - No se encontraron celdas 'Iniciado' tras el sort (día sin 'Iniciado' o sin fichas). Continuando.
2026-09-09 19:56:30 - login_automation - INFO - Tabla ordenada por Estado (descendente)
2026-09-09 19:56:30 - login_automation - INFO - Pacientes del día (todos los estados): 10
2026-09-09 19:56:36 - login_automation - INFO - No se detectó modal 'Cargando' — página probablemente ya cargada
2026-09-09 19:56:36 - login_automation - INFO - Esperando input de fecha (input.date-input)...
2026-09-09 19:56:36 - login_automation - INFO - Fecha 03-09-2026 ingresada
2026-09-09 19:56:37 - login_automation - INFO - Tabla ordenada por Estado (descendente)
2026-09-09 19:56:37 - login_automation - INFO - Pacientes del día (todos los estados): 13
2026-09-09 19:56:44 - login_automation - INFO - No se detectó modal 'Cargando' — página probablemente ya cargada
2026-09-09 19:56:44 - login_automation - INFO - Esperando input de fecha (input.date-input)...
2026-09-09 19:56:44 - login_automation - INFO - Fecha 04-09-2026 ingresada
2026-09-09 19:56:44 - login_automation - INFO - Tabla ordenada por Estado (descendente)
2026-09-09 19:56:45 - login_automation - INFO - Pacientes del día (todos los estados): 13
2026-09-09 19:56:51 - login_automation - INFO - No se detectó modal 'Cargando' — página probablemente ya cargada
2026-09-09 19:56:51 - login_automation - INFO - Esperando input de fecha (input.date-input)...
2026-09-09 19:56:51 - login_automation - INFO - Fecha 07-09-2026 ingresada
2026-09-09 19:56:52 - login_automation - INFO - Tabla ordenada por Estado (descendente)
2026-09-09 19:56:52 - login_automation - INFO - Pacientes del día (todos los estados): 12
2026-09-09 19:56:59 - login_automation - INFO - No se detectó modal 'Cargando' — página probablemente ya cargada
2026-09-09 19:56:59 - login_automation - INFO - Esperando input de fecha (input.date-input)...
2026-09-09 19:56:59 - login_automation - INFO - Fecha 08-09-2026 ingresada
2026-09-09 19:56:59 - login_automation - INFO - Tabla ordenada por Estado (descendente)
2026-09-09 19:56:59 - login_automation - INFO - Pacientes del día (todos los estados): 10
2026-09-09 19:57:06 - login_automation - INFO - No se detectó modal 'Cargando' — página probablemente ya cargada
2026-09-09 19:57:06 - login_automation - INFO - Esperando input de fecha (input.date-input)...
2026-09-09 19:57:06 - login_automation - INFO - Fecha 09-09-2026 ingresada
2026-09-09 19:57:21 - login_automation - INFO - No se encontraron celdas 'Iniciado' tras el sort (día sin 'Iniciado' o sin fichas). Continuando.
2026-09-09 19:57:22 - login_automation - INFO - Tabla ordenada por Estado (descendente)
2026-09-09 19:57:22 - login_automation - INFO - Pacientes del día (todos los estados): 10
2026-09-09 19:57:25 - login_automation - INFO - Navegador cerrado
2026-09-10 13:46:45 - login_automation - INFO - [pancho] Iniciando login en Rayen APS
2026-09-10 13:46:45 - login_automation - INFO - Iniciando instancia de Google Chrome en modo incognito...
2026-09-10 13:46:47 - login_automation - INFO - Navegando a https://clinico.rayenaps.cl/...
2026-09-10 13:46:49 - login_automation - INFO - Location insertado
2026-09-10 13:46:49 - login_automation - INFO - Username insertado
2026-09-10 13:46:49 - login_automation - INFO - Password insertado
2026-09-10 13:46:49 - login_automation - INFO - Esperando habilitacion del boton de ingreso...
2026-09-10 13:46:49 - login_automation - INFO - Enviando Enter al boton de inicio de sesion...
2026-09-10 13:46:49 - login_automation - INFO - Esperando redireccion fuera de login...
2026-09-10 13:46:50 - login_automation - INFO - Login completado. Maximizando ventana...
2026-09-10 13:46:50 - login_automation - INFO - Modal ocultado por JS
2026-09-10 13:46:50 - login_automation - INFO - Menu lateral abierto
2026-09-10 13:46:50 - login_automation - INFO - Screenshot: step_1_menu_20260910_134650.png
2026-09-10 13:46:50 - login_automation - INFO - Modal 'Cargando' detectado, esperando a que se vaya...
2026-09-10 13:46:53 - login_automation - INFO - Modal 'Cargando' desapareció
2026-09-10 13:46:53 - login_automation - INFO - Box seleccionado
2026-09-10 13:46:53 - login_automation - INFO - Screenshot: step_2_box_20260910_134653.png
2026-09-10 13:46:59 - login_automation - INFO - No se detectó modal 'Cargando' — página probablemente ya cargada
2026-09-10 13:46:59 - login_automation - INFO - Pacientes citados clickeado
2026-09-10 13:46:59 - login_automation - INFO - Screenshot: step_3_pacientes_citados_20260910_134659.png
2026-09-10 13:47:04 - login_automation - INFO - No se detectó modal 'Cargando' — página probablemente ya cargada
2026-09-10 13:47:04 - login_automation - INFO - run_login OK — URL final: https://clinico.rayenaps.cl/main
2026-09-10 13:47:04 - login_automation - INFO - [pancho] Login exitoso — WebDriver listo para operaciones
2026-09-10 13:47:09 - login_automation - INFO - No se detectó modal 'Cargando' — página probablemente ya cargada
2026-09-10 13:47:09 - login_automation - INFO - Esperando input de fecha (input.date-input)...
2026-09-10 13:47:09 - login_automation - INFO - Fecha 01-09-2026 ingresada
2026-09-10 13:47:25 - login_automation - INFO - No se encontraron celdas 'Iniciado' tras el sort (día sin 'Iniciado' o sin fichas). Continuando.
2026-09-10 13:47:25 - login_automation - INFO - Tabla ordenada por Estado (descendente)
2026-09-10 13:47:25 - login_automation - INFO - Pacientes del día (todos los estados): 26
2026-09-10 13:47:31 - login_automation - INFO - No se detectó modal 'Cargando' — página probablemente ya cargada
2026-09-10 13:47:31 - login_automation - INFO - Esperando input de fecha (input.date-input)...
2026-09-10 13:47:31 - login_automation - INFO - Fecha 02-09-2026 ingresada
2026-09-10 13:47:47 - login_automation - INFO - No se encontraron celdas 'Iniciado' tras el sort (día sin 'Iniciado' o sin fichas). Continuando.
2026-09-10 13:47:47 - login_automation - INFO - Tabla ordenada por Estado (descendente)
2026-09-10 13:47:47 - login_automation - INFO - Pacientes del día (todos los estados): 26
2026-09-10 13:47:53 - login_automation - INFO - No se detectó modal 'Cargando' — página probablemente ya cargada
2026-09-10 13:47:53 - login_automation - INFO - Esperando input de fecha (input.date-input)...
2026-09-10 13:47:53 - login_automation - INFO - Fecha 03-09-2026 ingresada
2026-09-10 13:48:09 - login_automation - INFO - No se encontraron celdas 'Iniciado' tras el sort (día sin 'Iniciado' o sin fichas). Continuando.
2026-09-10 13:48:09 - login_automation - INFO - Tabla ordenada por Estado (descendente)
2026-09-10 13:48:09 - login_automation - INFO - Pacientes del día (todos los estados): 26
2026-09-10 13:48:15 - login_automation - INFO - No se detectó modal 'Cargando' — página probablemente ya cargada
2026-09-10 13:48:15 - login_automation - INFO - Esperando input de fecha (input.date-input)...
2026-09-10 13:48:15 - login_automation - INFO - Fecha 04-09-2026 ingresada
2026-09-10 13:48:16 - login_automation - INFO - Tabla ordenada por Estado (descendente)
2026-09-10 13:48:16 - login_automation - INFO - Pacientes del día (todos los estados): 26
2026-09-10 13:48:23 - login_automation - INFO - No se detectó modal 'Cargando' — página probablemente ya cargada
2026-09-10 13:48:23 - login_automation - INFO - Esperando input de fecha (input.date-input)...
2026-09-10 13:48:23 - login_automation - INFO - Fecha 07-09-2026 ingresada
2026-09-10 13:48:23 - login_automation - INFO - Tabla ordenada por Estado (descendente)
2026-09-10 13:48:23 - login_automation - INFO - Pacientes del día (todos los estados): 26
2026-09-10 13:48:30 - login_automation - INFO - No se detectó modal 'Cargando' — página probablemente ya cargada
2026-09-10 13:48:30 - login_automation - INFO - Esperando input de fecha (input.date-input)...
2026-09-10 13:48:30 - login_automation - INFO - Fecha 08-09-2026 ingresada
2026-09-10 13:48:45 - login_automation - INFO - No se encontraron celdas 'Iniciado' tras el sort (día sin 'Iniciado' o sin fichas). Continuando.
2026-09-10 13:48:45 - login_automation - INFO - Tabla ordenada por Estado (descendente)
2026-09-10 13:48:45 - login_automation - INFO - Pacientes del día (todos los estados): 26
2026-09-10 13:48:52 - login_automation - INFO - No se detectó modal 'Cargando' — página probablemente ya cargada
2026-09-10 13:48:52 - login_automation - INFO - Esperando input de fecha (input.date-input)...
2026-09-10 13:48:52 - login_automation - INFO - Fecha 09-09-2026 ingresada
2026-09-10 13:49:07 - login_automation - INFO - No se encontraron celdas 'Iniciado' tras el sort (día sin 'Iniciado' o sin fichas). Continuando.
2026-09-10 13:49:07 - login_automation - INFO - Tabla ordenada por Estado (descendente)
2026-09-10 13:49:07 - login_automation - INFO - Pacientes del día (todos los estados): 26
2026-09-10 13:49:14 - login_automation - INFO - No se detectó modal 'Cargando' — página probablemente ya cargada
2026-09-10 13:49:14 - login_automation - INFO - Esperando input de fecha (input.date-input)...
2026-09-10 13:49:14 - login_automation - INFO - Fecha 10-09-2026 ingresada
2026-09-10 13:49:14 - login_automation - INFO - Tabla ordenada por Estado (descendente)
2026-09-10 13:49:14 - login_automation - INFO - Pacientes del día (todos los estados): 26
2026-09-10 13:49:19 - login_automation - INFO - Navegador cerrado
2026-09-10 14:05:43 - login_automation - INFO - [pancho] Iniciando login en Rayen APS
2026-09-10 14:05:43 - login_automation - INFO - Iniciando instancia de Google Chrome en modo incognito...
2026-09-10 14:05:44 - login_automation - INFO - Navegando a https://clinico.rayenaps.cl/...
2026-09-10 14:05:45 - login_automation - INFO - Location insertado
2026-09-10 14:05:45 - login_automation - INFO - Username insertado
2026-09-10 14:05:45 - login_automation - INFO - Password insertado
2026-09-10 14:05:45 - login_automation - INFO - Esperando habilitacion del boton de ingreso...
2026-09-10 14:05:45 - login_automation - INFO - Enviando Enter al boton de inicio de sesion...
2026-09-10 14:05:45 - login_automation - INFO - Esperando redireccion fuera de login...
2026-09-10 14:05:46 - login_automation - INFO - Login completado. Maximizando ventana...
2026-09-10 14:05:46 - login_automation - INFO - Modal ocultado por JS
2026-09-10 14:05:46 - login_automation - INFO - Menu lateral abierto
2026-09-10 14:05:46 - login_automation - INFO - Screenshot: step_1_menu_20260910_140546.png
2026-09-10 14:05:46 - login_automation - INFO - Modal 'Cargando' detectado, esperando a que se vaya...
2026-09-10 14:05:49 - login_automation - INFO - Modal 'Cargando' desapareció
2026-09-10 14:05:49 - login_automation - INFO - Box seleccionado
2026-09-10 14:05:49 - login_automation - INFO - Screenshot: step_2_box_20260910_140549.png
2026-09-10 14:05:54 - login_automation - INFO - No se detectó modal 'Cargando' — página probablemente ya cargada
2026-09-10 14:05:54 - login_automation - INFO - Pacientes citados clickeado
2026-09-10 14:05:55 - login_automation - INFO - Screenshot: step_3_pacientes_citados_20260910_140554.png
2026-09-10 14:06:00 - login_automation - INFO - No se detectó modal 'Cargando' — página probablemente ya cargada
2026-09-10 14:06:00 - login_automation - INFO - run_login OK — URL final: https://clinico.rayenaps.cl/main
2026-09-10 14:06:00 - login_automation - INFO - [pancho] Login exitoso — WebDriver listo para operaciones
2026-09-10 14:06:05 - login_automation - INFO - No se detectó modal 'Cargando' — página probablemente ya cargada
2026-09-10 14:06:05 - login_automation - INFO - Esperando input de fecha (input.date-input)...
2026-09-10 14:06:05 - login_automation - INFO - Fecha 01-09-2026 ingresada
2026-09-10 14:06:20 - login_automation - INFO - No se encontraron celdas 'Iniciado' tras el sort (día sin 'Iniciado' o sin fichas). Continuando.
2026-09-10 14:06:20 - login_automation - INFO - Tabla ordenada por Estado (descendente)
2026-09-10 14:06:20 - login_automation - INFO - Pacientes del día (todos los estados): 26
2026-09-10 14:06:27 - login_automation - INFO - No se detectó modal 'Cargando' — página probablemente ya cargada
2026-09-10 14:06:27 - login_automation - INFO - Esperando input de fecha (input.date-input)...
2026-09-10 14:06:27 - login_automation - INFO - Fecha 02-09-2026 ingresada
2026-09-10 14:06:42 - login_automation - INFO - No se encontraron celdas 'Iniciado' tras el sort (día sin 'Iniciado' o sin fichas). Continuando.
2026-09-10 14:06:42 - login_automation - INFO - Tabla ordenada por Estado (descendente)
2026-09-10 14:06:42 - login_automation - INFO - Pacientes del día (todos los estados): 26
2026-09-10 14:06:49 - login_automation - INFO - No se detectó modal 'Cargando' — página probablemente ya cargada
2026-09-10 14:06:49 - login_automation - INFO - Esperando input de fecha (input.date-input)...
2026-09-10 14:06:49 - login_automation - INFO - Fecha 03-09-2026 ingresada
2026-09-10 14:07:04 - login_automation - INFO - No se encontraron celdas 'Iniciado' tras el sort (día sin 'Iniciado' o sin fichas). Continuando.
2026-09-10 14:07:04 - login_automation - INFO - Tabla ordenada por Estado (descendente)
2026-09-10 14:07:04 - login_automation - INFO - Pacientes del día (todos los estados): 26
2026-09-10 14:07:12 - login_automation - INFO - No se detectó modal 'Cargando' — página probablemente ya cargada
2026-09-10 14:07:12 - login_automation - INFO - Esperando input de fecha (input.date-input)...
2026-09-10 14:07:12 - login_automation - INFO - Fecha 04-09-2026 ingresada
2026-09-10 14:07:12 - login_automation - INFO - Tabla ordenada por Estado (descendente)
2026-09-10 14:07:12 - login_automation - INFO - Pacientes del día (todos los estados): 26
2026-09-10 14:07:19 - login_automation - INFO - No se detectó modal 'Cargando' — página probablemente ya cargada
2026-09-10 14:07:19 - login_automation - INFO - Esperando input de fecha (input.date-input)...
2026-09-10 14:07:19 - login_automation - INFO - Fecha 07-09-2026 ingresada
2026-09-10 14:07:20 - login_automation - INFO - Tabla ordenada por Estado (descendente)
2026-09-10 14:07:20 - login_automation - INFO - Pacientes del día (todos los estados): 26
2026-09-10 14:07:27 - login_automation - INFO - No se detectó modal 'Cargando' — página probablemente ya cargada
2026-09-10 14:07:27 - login_automation - INFO - Esperando input de fecha (input.date-input)...
2026-09-10 14:07:27 - login_automation - INFO - Fecha 08-09-2026 ingresada
2026-09-10 14:07:42 - login_automation - INFO - No se encontraron celdas 'Iniciado' tras el sort (día sin 'Iniciado' o sin fichas). Continuando.
2026-09-10 14:07:42 - login_automation - INFO - Tabla ordenada por Estado (descendente)
2026-09-10 14:07:42 - login_automation - INFO - Pacientes del día (todos los estados): 26
2026-09-10 14:07:49 - login_automation - INFO - No se detectó modal 'Cargando' — página probablemente ya cargada
2026-09-10 14:07:49 - login_automation - INFO - Esperando input de fecha (input.date-input)...
2026-09-10 14:07:49 - login_automation - INFO - Fecha 09-09-2026 ingresada
2026-09-10 14:08:04 - login_automation - INFO - No se encontraron celdas 'Iniciado' tras el sort (día sin 'Iniciado' o sin fichas). Continuando.
2026-09-10 14:08:04 - login_automation - INFO - Tabla ordenada por Estado (descendente)
2026-09-10 14:08:04 - login_automation - INFO - Pacientes del día (todos los estados): 26
2026-09-10 14:08:11 - login_automation - INFO - No se detectó modal 'Cargando' — página probablemente ya cargada
2026-09-10 14:08:11 - login_automation - INFO - Esperando input de fecha (input.date-input)...
2026-09-10 14:08:11 - login_automation - INFO - Fecha 10-09-2026 ingresada
2026-09-10 14:08:12 - login_automation - INFO - Tabla ordenada por Estado (descendente)
2026-09-10 14:08:12 - login_automation - INFO - Pacientes del día (todos los estados): 26
2026-09-10 14:08:16 - login_automation - INFO - Navegador cerrado
